------------------------------------------------------------
Timing Analyzer Summary
------------------------------------------------------------

Type  : Slow 1100mV 85C Model Setup 'KEY[0]'
Slack : -3.375
TNS   : -56.766

Type  : Slow 1100mV 85C Model Hold 'KEY[0]'
Slack : 0.693
TNS   : 0.000

Type  : Slow 1100mV 85C Model Minimum Pulse Width 'KEY[0]'
Slack : -0.538
TNS   : -17.850

Type  : Slow 1100mV 0C Model Setup 'KEY[0]'
Slack : -3.621
TNS   : -56.668

Type  : Slow 1100mV 0C Model Hold 'KEY[0]'
Slack : 0.658
TNS   : 0.000

Type  : Slow 1100mV 0C Model Minimum Pulse Width 'KEY[0]'
Slack : -0.538
TNS   : -18.231

Type  : Fast 1100mV 85C Model Setup 'KEY[0]'
Slack : -0.972
TNS   : -13.484

Type  : Fast 1100mV 85C Model Hold 'KEY[0]'
Slack : 0.303
TNS   : 0.000

Type  : Fast 1100mV 85C Model Minimum Pulse Width 'KEY[0]'
Slack : -0.091
TNS   : -2.019

Type  : Fast 1100mV 0C Model Setup 'KEY[0]'
Slack : -0.894
TNS   : -10.893

Type  : Fast 1100mV 0C Model Hold 'KEY[0]'
Slack : 0.293
TNS   : 0.000

Type  : Fast 1100mV 0C Model Minimum Pulse Width 'KEY[0]'
Slack : -0.093
TNS   : -2.091

------------------------------------------------------------
