------------------------------------------------------------
Timing Analyzer Summary
------------------------------------------------------------

Type  : Slow 1100mV 85C Model Setup 'CLOCK_50'
Slack : -10.547
TNS   : -4118.754

Type  : Slow 1100mV 85C Model Hold 'CLOCK_50'
Slack : 0.270
TNS   : 0.000

Type  : Slow 1100mV 85C Model Recovery 'KEY[0]'
Slack : -4.557
TNS   : -4.557

Type  : Slow 1100mV 85C Model Recovery 'KEY[1]'
Slack : -4.364
TNS   : -4.364

Type  : Slow 1100mV 85C Model Removal 'KEY[1]'
Slack : 1.265
TNS   : 0.000

Type  : Slow 1100mV 85C Model Removal 'KEY[0]'
Slack : 1.551
TNS   : 0.000

Type  : Slow 1100mV 85C Model Minimum Pulse Width 'CLOCK_50'
Slack : -0.538
TNS   : -515.388

Type  : Slow 1100mV 85C Model Minimum Pulse Width 'KEY[1]'
Slack : -0.538
TNS   : -0.922

Type  : Slow 1100mV 85C Model Minimum Pulse Width 'KEY[0]'
Slack : -0.538
TNS   : -0.855

Type  : Slow 1100mV 0C Model Setup 'CLOCK_50'
Slack : -10.736
TNS   : -4065.253

Type  : Slow 1100mV 0C Model Hold 'CLOCK_50'
Slack : 0.256
TNS   : 0.000

Type  : Slow 1100mV 0C Model Recovery 'KEY[0]'
Slack : -4.815
TNS   : -4.815

Type  : Slow 1100mV 0C Model Recovery 'KEY[1]'
Slack : -4.611
TNS   : -4.611

Type  : Slow 1100mV 0C Model Removal 'KEY[1]'
Slack : 1.499
TNS   : 0.000

Type  : Slow 1100mV 0C Model Removal 'KEY[0]'
Slack : 1.810
TNS   : 0.000

Type  : Slow 1100mV 0C Model Minimum Pulse Width 'CLOCK_50'
Slack : -0.538
TNS   : -459.016

Type  : Slow 1100mV 0C Model Minimum Pulse Width 'KEY[1]'
Slack : -0.538
TNS   : -0.927

Type  : Slow 1100mV 0C Model Minimum Pulse Width 'KEY[0]'
Slack : -0.538
TNS   : -0.841

Type  : Fast 1100mV 85C Model Setup 'CLOCK_50'
Slack : -4.937
TNS   : -1841.210

Type  : Fast 1100mV 85C Model Hold 'CLOCK_50'
Slack : 0.140
TNS   : 0.000

Type  : Fast 1100mV 85C Model Recovery 'KEY[0]'
Slack : -1.789
TNS   : -1.789

Type  : Fast 1100mV 85C Model Recovery 'KEY[1]'
Slack : -1.624
TNS   : -1.624

Type  : Fast 1100mV 85C Model Removal 'KEY[1]'
Slack : 0.213
TNS   : 0.000

Type  : Fast 1100mV 85C Model Removal 'KEY[0]'
Slack : 0.423
TNS   : 0.000

Type  : Fast 1100mV 85C Model Minimum Pulse Width 'KEY[1]'
Slack : -0.518
TNS   : -1.554

Type  : Fast 1100mV 85C Model Minimum Pulse Width 'CLOCK_50'
Slack : -0.405
TNS   : -262.268

Type  : Fast 1100mV 85C Model Minimum Pulse Width 'KEY[0]'
Slack : -0.377
TNS   : -1.093

Type  : Fast 1100mV 0C Model Setup 'CLOCK_50'
Slack : -4.387
TNS   : -1589.940

Type  : Fast 1100mV 0C Model Hold 'CLOCK_50'
Slack : 0.130
TNS   : 0.000

Type  : Fast 1100mV 0C Model Recovery 'KEY[0]'
Slack : -1.551
TNS   : -1.551

Type  : Fast 1100mV 0C Model Recovery 'KEY[1]'
Slack : -1.390
TNS   : -1.390

Type  : Fast 1100mV 0C Model Removal 'KEY[1]'
Slack : 0.204
TNS   : 0.000

Type  : Fast 1100mV 0C Model Removal 'KEY[0]'
Slack : 0.387
TNS   : 0.000

Type  : Fast 1100mV 0C Model Minimum Pulse Width 'KEY[1]'
Slack : -0.570
TNS   : -1.750

Type  : Fast 1100mV 0C Model Minimum Pulse Width 'CLOCK_50'
Slack : -0.445
TNS   : -315.230

Type  : Fast 1100mV 0C Model Minimum Pulse Width 'KEY[0]'
Slack : -0.439
TNS   : -1.353

------------------------------------------------------------
